2026-05-21 17:58:04,116 [INFO] 🎬 Starting automated execution cycle...
2026-05-21 17:58:26,806 [INFO] 🔄 Login Attempt 1 of 3...
2026-05-21 17:58:26,813 [INFO] 🌐 Navigating to login page...
2026-05-21 17:58:32,142 [INFO] 🔑 Entering credentials...
2026-05-21 17:58:34,814 [INFO] ✅ Sign-in verified successfully!
2026-05-21 17:58:34,825 [INFO] 📂 Navigating to Payslips section...
2026-05-21 17:58:38,842 [INFO] ⏳ Preparing download...
2026-05-21 17:58:43,970 [INFO] ✔ Download complete! Saved at: /mnt/home/cammo/Main/Coding/Payslips/downloads/payslip_11May2026_17May2026.pdf
2026-05-21 17:58:44,097 [INFO] 📨 Preparing secure API email payload...
2026-05-21 17:58:44,220 [INFO] 📤 Broadcasting secure HTTPS request to Resend API...
2026-05-21 17:58:46,167 [INFO] 📧 Email delivered successfully through the API!
2026-05-21 17:58:46,168 [INFO] 🏁 Pipeline completed successfully.
2026-05-21 17:59:19,057 [INFO] 🎬 Starting automated execution cycle...
2026-05-21 17:59:22,046 [INFO] 🔄 Login Attempt 1 of 3...
2026-05-21 17:59:22,046 [INFO] 🌐 Navigating to login page...
2026-05-21 17:59:26,357 [INFO] 🔑 Entering credentials...
2026-05-21 17:59:36,445 [WARNING] ⚠️ Sign-in verification failed.
2026-05-21 17:59:41,594 [INFO] 🔄 Login Attempt 2 of 3...
2026-05-21 17:59:41,594 [INFO] 🌐 Navigating to login page...
2026-05-21 17:59:45,299 [INFO] 🔑 Entering credentials...
2026-05-21 17:59:47,438 [INFO] ✅ Sign-in verified successfully!
2026-05-21 17:59:47,438 [INFO] 📂 Navigating to Payslips section...
2026-05-21 17:59:51,453 [INFO] ⏳ Preparing download...
2026-05-21 17:59:55,532 [INFO] ✔ Download complete! Saved at: /mnt/home/cammo/Main/Coding/Payslips/downloads/payslip_11May2026_17May2026.pdf
2026-05-21 17:59:55,560 [INFO] 🔒 Encrypting PDF document locally...
2026-05-21 17:59:55,719 [INFO] 🔒 PDF successfully encrypted and locked down!
2026-05-21 17:59:55,719 [INFO] 📨 Preparing secure API email payload...
2026-05-21 17:59:55,734 [INFO] 📤 Broadcasting secure HTTPS request to Resend API...
2026-05-21 17:59:57,436 [INFO] 📧 Email delivered successfully through the API!
2026-05-21 17:59:57,438 [INFO] 🏁 Pipeline completed successfully.
2026-05-21 18:10:30,974 [INFO] 🎬 Starting automated execution cycle...
2026-05-21 18:10:30,974 [INFO] 🕵️ Smart Polling Enabled: Looking for unpublished payslip.
2026-05-21 18:11:05,278 [INFO] 🔄 Login Attempt 1 of 3...
2026-05-21 18:11:05,278 [INFO] 🌐 Navigating to login page...
2026-05-21 18:11:09,167 [INFO] 🔑 Entering credentials...
2026-05-21 18:11:39,298 [CRITICAL] 💥 Critical Script Failure: Locator.wait_for: Timeout 30000ms exceeded.
Call log:
  - waiting for locator("[data-sel-id='signin-username-input']")

2026-05-21 18:12:01,401 [INFO] 🎬 Starting automated execution cycle...
2026-05-21 18:12:01,401 [INFO] 🕵️ Smart Polling Enabled: Looking for unpublished payslip.
2026-05-21 18:12:06,981 [INFO] 🔄 Login Attempt 1 of 3...
2026-05-21 18:12:06,981 [INFO] 🌐 Navigating to login page...
2026-05-21 18:12:11,501 [INFO] 🔑 Entering credentials...
2026-05-21 18:12:14,644 [INFO] ✅ Sign-in verified successfully!
2026-05-21 18:12:14,644 [INFO] 📂 Navigating to Payslips section...
2026-05-21 18:12:18,658 [INFO] ⏳ Preparing download...
2026-05-21 18:12:22,830 [INFO] ⏩ Portal is still showing 'payslip_11May2026_17May2026.pdf'. We already have this.
2026-05-21 18:12:22,859 [INFO] ⏳ Attempt 1/16: No new payslip yet. Sleeping for 15 minutes...
2026-05-21 18:13:07,499 [INFO] 🎬 Starting automated execution cycle...
2026-05-21 18:13:07,499 [INFO] 🕵️ Smart Polling Enabled: Looking for unpublished payslip.
2026-05-21 18:13:08,278 [INFO] 🔄 Login Attempt 1 of 3...
2026-05-21 18:13:08,278 [INFO] 🌐 Navigating to login page...
2026-05-21 18:13:13,347 [INFO] 🔑 Entering credentials...
2026-05-21 18:13:16,196 [INFO] ✅ Sign-in verified successfully!
2026-05-21 18:13:16,196 [INFO] 📂 Navigating to Payslips section...
2026-05-21 18:13:20,213 [INFO] ⏳ Preparing download...
2026-05-21 18:13:24,328 [INFO] ✔ Download complete! Saved at: /mnt/home/cammo/Main/Coding/Payslips/downloads/payslip_11May2026_17May2026.pdf
2026-05-21 18:13:24,363 [INFO] 🎉 Brand new payslip acquired!
2026-05-21 18:13:24,363 [INFO] 🔒 Encrypting PDF document locally...
2026-05-21 18:13:24,484 [INFO] 🔒 PDF successfully encrypted and locked down!
2026-05-21 18:13:24,484 [INFO] 📨 Preparing secure API email payload...
2026-05-21 18:13:24,499 [INFO] 📤 Broadcasting secure HTTPS request to Resend API...
2026-05-21 18:13:26,199 [INFO] 📧 Email delivered successfully through the API!
2026-05-21 18:13:26,200 [INFO] 🏁 Pipeline completed successfully.
2026-05-21 18:14:32,043 [INFO] 🎬 Starting automated execution cycle...
2026-05-21 18:14:37,230 [INFO] 🔄 Login Attempt 1 of 3...
2026-05-21 18:14:37,230 [INFO] 🌐 Navigating to login page...
2026-05-21 18:14:42,142 [INFO] 🔑 Entering credentials...
2026-05-21 18:14:45,361 [INFO] ✅ Sign-in verified successfully!
2026-05-21 18:14:45,361 [INFO] 📂 Navigating to Payslips section...
2026-05-21 18:14:49,377 [INFO] ⏳ Preparing download...
2026-05-21 18:14:53,459 [INFO] ✔ Download complete! Saved at: /mnt/home/cammo/Main/Coding/Payslips/downloads/payslip_11May2026_17May2026.pdf
2026-05-21 18:14:53,544 [INFO] 🔒 Encrypting PDF document locally...
2026-05-21 18:14:53,668 [INFO] 🔒 PDF successfully encrypted and locked down!
2026-05-21 18:14:53,668 [INFO] 📨 Preparing secure API email payload...
2026-05-21 18:14:53,680 [INFO] 📤 Broadcasting secure HTTPS request to Resend API...
2026-05-21 18:14:55,180 [INFO] 📧 Email delivered successfully through the API!
2026-05-21 18:14:55,181 [INFO] 🏁 Pipeline completed successfully.
